// Jest Snapshot v1, https://goo.gl/fbAQLP

exports[`Root render should render with all props 1`] = `
<div
  className="root__container"
>
  <div
    className="root__wrapper"
  >
    <pre>
      {}
    </pre>
  </div>
</div>
`;
