// Jest Snapshot v1, https://goo.gl/fbAQLP

exports[`Home render should render with all props 1`] = `
<Grid
  celled="internally"
>
  <GridRow>
    <GridColumn
      width={5}
    >
      <pre>
        {
  "login": "111",
  "password": "2",
  "text": "",
  "words": []
}
      </pre>
    </GridColumn>
    <GridColumn
      width={11}
    >
      <h4>
        Home
      </h4>
      <Segment>
        <CredentialsForm
          login="111"
          onSubmit={[Function]}
          password="2"
        />
      </Segment>
      <Segment>
        <Connect(TextSourceForm)
          onSubmit={[Function]}
        />
      </Segment>
      <Segment>
        <Connect(TableOfWords)
          onSubmit={[Function]}
          words={Array []}
        />
      </Segment>
      <_class
        footer={null}
        header={null}
        route={Object {}}
      />
       
    </GridColumn>
  </GridRow>
</Grid>
`;
