// Jest Snapshot v1, https://goo.gl/fbAQLP

exports[`Layout renders children correctly 1`] = `
<div
  className="Layout__appWrapper"
>
  <Header />
  <div
    className="Layout__layoutContent"
  >
    <div
      className="child"
    />
  </div>
  <Footer />
</div>
`;
