// Jest Snapshot v1, https://goo.gl/fbAQLP

exports[`App renders children correctly 1`] = `
<div
  className="child"
/>
`;
